../Drivers/CMSIS/Include/core_cm4.h:2064:26:ITM_SendChar	16	static,ignoring_inline_asm
../Core/Src/main.c:92:6:send_to_lsa	24	static
../Core/Src/main.c:103:5:_write	32	static
../Core/Src/main.c:114:9:line_data	16	static
../Core/Src/main.c:124:5:process_byte	40	static
../Core/Src/main.c:168:5:junction_data	16	static
../Core/Src/main.c:173:6:setMotorSpeed	24	static
../Core/Src/main.c:199:6:computePID	48	static
../Core/Src/main.c:236:5:isInLoop	16	static
../Core/Src/main.c:255:5:main	24	static
../Core/Src/main.c:434:6:SystemClock_Config	88	static
../Core/Src/main.c:477:13:MX_TIM2_Init	64	static
../Core/Src/main.c:532:13:MX_TIM3_Init	64	static
../Core/Src/main.c:595:13:MX_USART1_UART_Init	8	static
../Core/Src/main.c:626:13:MX_GPIO_Init	40	static
../Core/Src/main.c:674:6:Error_Handler	4	static,ignoring_inline_asm
